// Jest Snapshot v1, https://goo.gl/fbAQLP

exports[`renders correctly 1`] = `
<View
  style={
    {
      "backgroundColor": "black",
      "flex": 1,
    }
  }
>
  <View
    style={
      {
        "alignItems": "center",
        "borderBottomColor": "gray",
        "borderBottomWidth": 1,
        "flexDirection": "row",
        "height": 106.5,
        "width": 750,
      }
    }
  >
    <View
      accessibilityState={
        {
          "busy": undefined,
          "checked": undefined,
          "disabled": undefined,
          "expanded": undefined,
          "selected": undefined,
        }
      }
      accessibilityValue={
        {
          "max": undefined,
          "min": undefined,
          "now": undefined,
          "text": undefined,
        }
      }
      accessible={true}
      collapsable={false}
      focusable={false}
      onClick={[Function]}
      onResponderGrant={[Function]}
      onResponderMove={[Function]}
      onResponderRelease={[Function]}
      onResponderTerminate={[Function]}
      onResponderTerminationRequest={[Function]}
      onStartShouldSetResponder={[Function]}
      style={
        {
          "opacity": 1,
        }
      }
    >
      <Text
        allowFontScaling={false}
        selectable={false}
        style={
          [
            {
              "color": "white",
              "fontSize": 46.5,
            },
            {
              "marginLeft": 22.5,
            },
            {
              "fontFamily": "Material Design Icons",
              "fontStyle": "normal",
              "fontWeight": "normal",
            },
            {},
          ]
        }
      >
        Û∞çú
      </Text>
    </View>
    <Text
      style={
        {
          "color": "white",
          "fontSize": 26.5,
          "fontWeight": "500",
          "marginLeft": 22.5,
        }
      }
    >
      Soundify
    </Text>
  </View>
  <View
    style={
      {
        "height": 1160.58,
        "width": 75000,
      }
    }
  />
</View>
`;
